107928.696 RUN head A start ball_top=47.95 seed=(158.9,18.1)
107928.696 TM start A center=(158.9,18.1) span=4 pitch=2 ball_top=47.95 hops=[(-26.0, 0.0)]
107928.697 TM rung A dip=0.9 floor=47.05
107928.697 PD enter A(154.9,22.1) floor=47.05 safe=50.95
107935.465 PD probe A(154.9,22.1) try 1 -> 47.05
107937.007 PD enter A(156.9,22.1) floor=47.05 safe=50.95
107938.278 PD probe A(156.9,22.1) try 1 -> 47.05
107939.890 PD enter A(158.9,22.1) floor=47.05 safe=50.95
107941.160 PD probe A(158.9,22.1) try 1 -> 47.05
107942.699 PD enter A(160.9,22.1) floor=47.05 safe=50.95
107943.969 PD probe A(160.9,22.1) try 1 -> 47.05
107945.477 PD enter A(162.9,22.1) floor=47.05 safe=50.95
107946.747 PD probe A(162.9,22.1) try 1 -> 47.05
107948.210 PD enter A(154.9,20.1) floor=47.05 safe=50.95
107949.556 PD probe A(154.9,20.1) try 1 -> 47.05
107951.041 PD enter A(156.9,20.1) floor=47.05 safe=50.95
107952.311 PD probe A(156.9,20.1) try 1 -> 47.05
107953.923 PD enter A(158.9,20.1) floor=47.05 safe=50.95
107955.193 PD probe A(158.9,20.1) try 1 -> 47.05
107956.697 PD enter A(160.9,20.1) floor=47.05 safe=50.95
107957.967 PD probe A(160.9,20.1) try 1 -> 47.05
107959.483 PD enter A(162.9,20.1) floor=47.05 safe=50.95
107960.752 PD probe A(162.9,20.1) try 1 -> 47.05
107961.591 PD probe done z=48.754
107961.591 TM A seed=(162.91,20.12,48.75)
107961.591 PD enter A(164.9,20.1) floor=47.90 safe=50.95
107963.220 PD probe A(164.9,20.1) try 1 -> 47.90
107963.987 PD probe done z=49.043
107963.987 PD enter A(160.9,20.1) floor=47.90 safe=50.95
107965.585 PD probe A(160.9,20.1) try 1 -> 47.90
107966.977 PD enter A(162.9,22.1) floor=47.90 safe=50.95
107968.172 PD probe A(162.9,22.1) try 1 -> 47.90
107969.025 PD probe done z=48.733
107969.026 PD enter A(162.9,18.1) floor=47.90 safe=50.95
107970.670 PD probe A(162.9,18.1) try 1 -> 47.90
107971.846 PD probe done z=47.935
107971.847 PD enter A(166.9,20.1) floor=47.90 safe=50.95
107973.459 PD probe A(166.9,20.1) try 1 -> 47.90
107974.342 PD probe done z=48.626
107974.343 PD enter A(162.9,20.1) floor=47.90 safe=50.95
107976.015 PD probe A(162.9,20.1) try 1 -> 47.90
107976.859 PD probe done z=48.751
107976.859 PD enter A(164.9,22.1) floor=47.90 safe=50.95
107978.495 PD probe A(164.9,22.1) try 1 -> 47.90
107979.279 PD probe done z=48.975
107979.279 PD enter A(164.9,18.1) floor=47.90 safe=50.95
107980.917 PD probe A(164.9,18.1) try 1 -> 47.90
107981.886 PD probe done z=48.279
107981.887 PD enter A(165.9,20.1) floor=47.90 safe=50.95
107983.537 PD probe A(165.9,20.1) try 1 -> 47.90
107984.368 PD probe done z=48.920
107984.369 PD enter A(163.9,20.1) floor=47.90 safe=50.95
107985.940 PD probe A(163.9,20.1) try 1 -> 47.90
107986.729 PD probe done z=48.982
107986.730 PD enter A(164.9,21.1) floor=47.90 safe=50.95
107988.331 PD probe A(164.9,21.1) try 1 -> 47.90
107989.090 PD probe done z=49.098
107989.091 PD enter A(164.9,19.1) floor=47.90 safe=50.95
107990.666 PD probe A(164.9,19.1) try 1 -> 47.90
107991.502 PD probe done z=48.777
107991.503 PD enter A(165.9,21.1) floor=47.90 safe=50.95
107993.138 PD probe A(165.9,21.1) try 1 -> 47.90
107993.925 PD probe done z=48.995
107993.926 PD enter A(163.9,21.1) floor=47.90 safe=50.95
107995.534 PD probe A(163.9,21.1) try 1 -> 47.90
107996.306 PD probe done z=49.046
107996.306 PD enter A(164.9,22.1) floor=47.90 safe=50.95
107997.867 PD probe A(164.9,22.1) try 1 -> 47.90
107998.667 PD probe done z=48.972
107998.668 PD enter A(164.9,20.1) floor=47.90 safe=50.95
108000.265 PD probe A(164.9,20.1) try 1 -> 47.90
108001.033 PD probe done z=49.040
108001.034 PD enter A(165.4,21.1) floor=47.90 safe=50.95
108002.595 PD probe A(165.4,21.1) try 1 -> 47.90
108003.363 PD probe done z=49.064
108003.364 PD enter A(164.4,21.1) floor=47.90 safe=50.95
108004.920 PD probe A(164.4,21.1) try 1 -> 47.90
108005.698 PD probe done z=49.082
108005.699 PD enter A(164.9,21.6) floor=47.90 safe=50.95
108007.240 PD probe A(164.9,21.6) try 1 -> 47.90
108008.012 PD probe done z=49.049
108008.013 PD enter A(164.9,20.6) floor=47.90 safe=50.95
108009.569 PD probe A(164.9,20.6) try 1 -> 47.90
108010.332 PD probe done z=49.085
108010.333 PD enter A(166.4,21.1) floor=47.90 safe=50.95
108011.900 PD probe A(166.4,21.1) try 1 -> 47.90
108012.711 PD probe done z=48.878
108012.712 PD enter A(163.4,21.1) floor=47.90 safe=50.95
108014.319 PD probe A(163.4,21.1) try 1 -> 47.90
108015.114 PD probe done z=48.963
108015.114 PD enter A(164.9,22.6) floor=47.90 safe=50.95
108016.720 PD probe A(164.9,22.6) try 1 -> 47.90
108017.539 PD probe done z=48.868
108017.540 PD enter A(164.9,19.6) floor=47.90 safe=50.95
108019.141 PD probe A(164.9,19.6) try 1 -> 47.90
108019.973 PD probe done z=48.928
108019.974 PD enter A(166.2,21.0) floor=47.90 safe=50.95
108021.541 PD probe A(166.2,21.0) try 1 -> 47.90
108022.360 PD probe done z=48.922
108022.360 PD enter A(163.2,21.0) floor=47.90 safe=50.95
108023.955 PD probe A(163.2,21.0) try 1 -> 47.90
108024.774 PD probe done z=48.918
108024.775 PD enter A(164.7,22.5) floor=47.90 safe=50.95
108026.359 PD probe A(164.7,22.5) try 1 -> 47.90
108027.179 PD probe done z=48.894
108027.179 PD enter A(164.7,19.5) floor=47.90 safe=50.95
108028.777 PD probe A(164.7,19.5) try 1 -> 47.90
108029.583 PD probe done z=48.895
108029.584 PD enter A(164.7,21.0) floor=47.90 safe=50.95
108031.176 PD probe A(164.7,21.0) try 1 -> 47.90
108031.935 PD probe done z=49.090
108031.936 PD enter Averify(168.2,21.0) floor=46.86 safe=50.95
108033.531 PD probe Averify(168.2,21.0) try 1 -> 46.86
108034.569 PD probe done z=47.972
108034.570 PD enter Averify(161.2,21.0) floor=46.86 safe=50.95
108036.342 PD probe Averify(161.2,21.0) try 1 -> 46.86
108037.380 PD probe done z=47.981
108037.381 PD enter Averify(164.7,24.5) floor=46.86 safe=50.95
108039.125 PD probe Averify(164.7,24.5) try 1 -> 46.86
108040.163 PD probe done z=47.983
108040.164 PD enter Averify(164.7,17.5) floor=46.86 safe=50.95
108041.933 PD probe Averify(164.7,17.5) try 1 -> 46.86
108043.013 PD probe done z=47.801
108048.019 TM start B center=(156.4,20.0) span=12 pitch=4 ball_top=47.95 hops=[(10.0, 14.0)]
108048.020 TM rung B dip=0.9 floor=47.05
108048.025 PD enter B(144.4,32.0) floor=47.05 safe=50.95
108053.112 PD probe B(144.4,32.0) try 1 -> 47.05
108054.727 PD enter B(148.4,32.0) floor=47.05 safe=50.95
108056.023 PD probe B(148.4,32.0) try 1 -> 47.05
108057.485 PD enter B(152.4,32.0) floor=47.05 safe=50.95
108058.780 PD probe B(152.4,32.0) try 1 -> 47.05
108060.299 PD enter B(156.4,32.0) floor=47.05 safe=50.95
108061.593 PD probe B(156.4,32.0) try 1 -> 47.05
108063.207 PD enter B(160.4,32.0) floor=47.05 safe=50.95
108064.502 PD probe B(160.4,32.0) try 1 -> 47.05
108066.010 PD enter B(164.4,32.0) floor=47.05 safe=50.95
108067.305 PD probe B(164.4,32.0) try 1 -> 47.05
108068.771 PD enter B(168.4,32.0) floor=47.05 safe=50.95
108070.067 PD probe B(168.4,32.0) try 1 -> 47.05
108071.535 PD enter B(144.4,28.0) floor=47.05 safe=50.95
108073.084 PD probe B(144.4,28.0) try 1 -> 47.05
108074.584 PD enter B(148.4,28.0) floor=47.05 safe=50.95
108075.878 PD probe B(148.4,28.0) try 1 -> 47.05
108077.496 PD enter B(152.4,28.0) floor=47.05 safe=50.95
108078.792 PD probe B(152.4,28.0) try 1 -> 47.05
108080.316 PD enter B(156.4,28.0) floor=47.05 safe=50.95
108081.611 PD probe B(156.4,28.0) try 1 -> 47.05
108083.073 PD enter B(160.4,28.0) floor=47.05 safe=50.95
108084.367 PD probe B(160.4,28.0) try 1 -> 47.05
108085.867 PD enter B(164.4,28.0) floor=47.05 safe=50.95
108087.162 PD probe B(164.4,28.0) try 1 -> 47.05
108088.657 PD enter B(168.4,28.0) floor=47.05 safe=50.95
108089.952 PD probe B(168.4,28.0) try 1 -> 47.05
108091.493 PD enter B(144.4,24.0) floor=47.05 safe=50.95
108093.043 PD probe B(144.4,24.0) try 1 -> 47.05
108094.509 PD enter B(148.4,24.0) floor=47.05 safe=50.95
108095.804 PD probe B(148.4,24.0) try 1 -> 47.05
108097.327 PD enter B(152.4,24.0) floor=47.05 safe=50.95
108098.622 PD probe B(152.4,24.0) try 1 -> 47.05
108100.085 PD enter B(156.4,24.0) floor=47.05 safe=50.95
108101.380 PD probe B(156.4,24.0) try 1 -> 47.05
108102.874 PD enter B(160.4,24.0) floor=47.05 safe=50.95
108104.170 PD probe B(160.4,24.0) try 1 -> 47.05
108105.787 PD enter B(164.4,24.0) floor=47.05 safe=50.95
108107.082 PD probe B(164.4,24.0) try 1 -> 47.05
108108.544 PD enter B(168.4,24.0) floor=47.05 safe=50.95
108109.838 PD probe B(168.4,24.0) try 1 -> 47.05
108110.960 PD probe done z=47.621
108110.960 TM B seed=(168.39,24.03,47.62)
108110.960 PD enter B(170.4,24.0) floor=46.77 safe=50.95
108112.718 PD probe B(170.4,24.0) try 1 -> 46.77
108113.634 PD probe done z=48.451
108113.634 PD enter B(166.4,24.0) floor=46.77 safe=50.95
108115.293 PD probe B(166.4,24.0) try 1 -> 46.77
108116.543 PD probe done z=47.171
108116.544 PD enter B(168.4,26.0) floor=46.77 safe=50.95
108118.317 PD probe B(168.4,26.0) try 1 -> 46.77
108119.501 PD probe done z=47.397
108119.502 PD enter B(168.4,22.0) floor=46.77 safe=50.95
108121.296 PD probe B(168.4,22.0) try 1 -> 46.77
108122.275 PD probe done z=48.194
108122.275 PD enter B(172.4,24.0) floor=46.77 safe=50.95
108124.002 PD probe B(172.4,24.0) try 1 -> 46.77
108124.890 PD probe done z=48.606
108124.890 PD enter B(168.4,24.0) floor=46.77 safe=50.95
108126.560 PD probe B(168.4,24.0) try 1 -> 46.77
108127.682 PD probe done z=47.622
108127.683 PD enter B(170.4,26.0) floor=46.77 safe=50.95
108129.451 PD probe B(170.4,26.0) try 1 -> 46.77
108130.424 PD probe done z=48.320
108130.425 PD enter B(170.4,22.0) floor=46.77 safe=50.95
108132.089 PD probe B(170.4,22.0) try 1 -> 46.77
108132.895 PD probe done z=48.911
108132.896 PD enter B(172.4,22.0) floor=46.77 safe=50.95
108134.494 PD probe B(172.4,22.0) try 1 -> 46.77
108135.320 PD probe done z=48.850
108135.321 PD enter B(168.4,22.0) floor=46.77 safe=50.95
108136.928 PD probe B(168.4,22.0) try 1 -> 46.77
108137.909 PD probe done z=48.182
108137.909 PD enter B(170.4,24.0) floor=46.77 safe=50.95
108139.614 PD probe B(170.4,24.0) try 1 -> 46.77
108140.537 PD probe done z=48.443
108140.538 PD enter B(170.4,20.0) floor=46.77 safe=50.95
108142.189 PD probe B(170.4,20.0) try 1 -> 46.77
108142.936 PD probe done z=49.119
108142.936 PD enter B(172.4,20.0) floor=46.77 safe=50.95
108144.520 PD probe B(172.4,20.0) try 1 -> 46.77
108145.345 PD probe done z=48.894
108145.346 PD enter B(168.4,20.0) floor=46.77 safe=50.95
108146.951 PD probe B(168.4,20.0) try 1 -> 46.77
108147.883 PD probe done z=48.440
108147.883 PD enter B(170.4,22.0) floor=46.77 safe=50.95
108149.512 PD probe B(170.4,22.0) try 1 -> 46.77
108150.337 PD probe done z=48.911
108150.338 PD enter B(170.4,18.0) floor=46.77 safe=50.95
108151.941 PD probe B(170.4,18.0) try 1 -> 46.77
108152.860 PD probe done z=48.437
108152.861 PD enter B(171.4,20.0) floor=46.77 safe=50.95
108154.495 PD probe B(171.4,20.0) try 1 -> 46.77
108155.249 PD probe done z=49.093
108155.249 PD enter B(169.4,20.0) floor=46.77 safe=50.95
108156.828 PD probe B(169.4,20.0) try 1 -> 46.77
108157.658 PD probe done z=48.880
108157.658 PD enter B(170.4,21.0) floor=46.77 safe=50.95
108159.226 PD probe B(170.4,21.0) try 1 -> 46.77
108159.983 PD probe done z=49.101
108159.983 PD enter B(170.4,19.0) floor=46.77 safe=50.95
108161.561 PD probe B(170.4,19.0) try 1 -> 46.77
108162.383 PD probe done z=48.881
108162.384 PD enter B(170.9,20.0) floor=46.77 safe=50.95
108163.957 PD probe B(170.9,20.0) try 1 -> 46.77
108164.718 PD probe done z=49.106
108164.718 PD enter B(169.9,20.0) floor=46.77 safe=50.95
108166.277 PD probe B(169.9,20.0) try 1 -> 46.77
108167.053 PD probe done z=49.006
108167.053 PD enter B(170.4,20.5) floor=46.77 safe=50.95
108168.654 PD probe B(170.4,20.5) try 1 -> 46.77
108169.409 PD probe done z=49.115
108169.410 PD enter B(170.4,19.5) floor=46.77 safe=50.95
108170.974 PD probe B(170.4,19.5) try 1 -> 46.77
108171.754 PD probe done z=49.004
108171.754 PD enter B(171.9,20.0) floor=46.77 safe=50.95
108173.363 PD probe B(171.9,20.0) try 1 -> 46.77
108174.145 PD probe done z=48.998
108174.146 PD enter B(168.9,20.0) floor=46.77 safe=50.95
108175.770 PD probe B(168.9,20.0) try 1 -> 46.77
108176.629 PD probe done z=48.688
108176.630 PD enter B(170.4,21.5) floor=46.77 safe=50.95
108178.247 PD probe B(170.4,21.5) try 1 -> 46.77
108179.027 PD probe done z=49.021
108179.028 PD enter B(170.4,18.5) floor=46.77 safe=50.95
108180.652 PD probe B(170.4,18.5) try 1 -> 46.77
108181.515 PD probe done z=48.681
108181.516 PD enter B(172.6,20.8) floor=46.77 safe=50.95
108183.142 PD probe B(172.6,20.8) try 1 -> 46.77
108183.964 PD probe done z=48.823
108183.964 PD enter B(169.6,20.8) floor=46.77 safe=50.95
108185.615 PD probe B(169.6,20.8) try 1 -> 46.77
108186.439 PD probe done z=48.949
108186.440 PD enter B(171.1,22.3) floor=46.77 safe=50.95
108188.016 PD probe B(171.1,22.3) try 1 -> 46.77
108188.841 PD probe done z=48.827
108188.842 PD enter B(171.1,19.3) floor=46.77 safe=50.95
108190.495 PD probe B(171.1,19.3) try 1 -> 46.77
108191.285 PD probe done z=48.965
108191.286 PD enter B(170.8,20.5) floor=46.77 safe=50.95
108192.884 PD probe B(170.8,20.5) try 1 -> 46.77
108193.634 PD probe done z=49.123
108193.635 PD enter Bverify(174.3,20.5) floor=46.90 safe=50.95
108195.235 PD probe Bverify(174.3,20.5) try 1 -> 46.90
108196.105 PD probe done z=48.663
108196.106 TM start Bhop center=(180.8,34.5) span=4 pitch=2 ball_top=47.95 hops=[]
108196.107 TM rung Bhop dip=0.9 floor=47.05
108196.107 PD enter Bhop(176.8,38.5) floor=47.05 safe=50.95
108197.916 PD probe Bhop(176.8,38.5) try 1 -> 47.05
108199.543 PD enter Bhop(178.8,38.5) floor=47.05 safe=50.95
108200.812 PD probe Bhop(178.8,38.5) try 1 -> 47.05
108202.277 PD enter Bhop(180.8,38.5) floor=47.05 safe=50.95
108203.546 PD probe Bhop(180.8,38.5) try 1 -> 47.05
108205.013 PD enter Bhop(182.8,38.5) floor=47.05 safe=50.95
108206.283 PD probe Bhop(182.8,38.5) try 1 -> 47.05
108207.748 PD enter Bhop(184.8,38.5) floor=47.05 safe=50.95
108209.018 PD probe Bhop(184.8,38.5) try 1 -> 47.05
108210.583 PD enter Bhop(176.8,36.5) floor=47.05 safe=50.95
108211.931 PD probe Bhop(176.8,36.5) try 1 -> 47.05
108213.108 PD probe done z=47.427
108213.109 TM Bhop seed=(176.81,36.49,47.43)
108213.109 PD enter Bhop(178.8,36.5) floor=46.58 safe=50.95
108214.847 PD probe Bhop(178.8,36.5) try 1 -> 46.58
108216.037 PD probe done z=47.370
108216.038 PD enter Bhop(174.8,36.5) floor=46.58 safe=50.95
108217.834 PD probe Bhop(174.8,36.5) try 1 -> 46.58
108219.032 PD probe done z=47.344
108219.033 PD enter Bhop(176.8,38.5) floor=46.58 safe=50.95
108220.804 PD probe Bhop(176.8,38.5) try 1 -> 46.58
108222.114 PD probe done z=46.962
108222.115 PD enter Bhop(176.8,34.5) floor=46.58 safe=50.95
108223.908 PD probe Bhop(176.8,34.5) try 1 -> 46.58
108225.180 PD probe done z=47.121
108225.181 PD enter Bhop(177.8,36.5) floor=46.58 safe=50.95
108226.943 PD probe Bhop(177.8,36.5) try 1 -> 46.58
108228.123 PD probe done z=47.477
108228.124 PD enter Bhop(175.8,36.5) floor=46.58 safe=50.95
108229.839 PD probe Bhop(175.8,36.5) try 1 -> 46.58
108231.032 PD probe done z=47.361
108231.032 PD enter Bhop(176.8,37.5) floor=46.58 safe=50.95
108232.789 PD probe Bhop(176.8,37.5) try 1 -> 46.58
108233.994 PD probe done z=47.298
108233.995 PD enter Bhop(176.8,35.5) floor=46.58 safe=50.95
108235.753 PD probe Bhop(176.8,35.5) try 1 -> 46.58
108236.940 PD probe done z=47.374
108236.941 PD enter Bhop(178.8,36.5) floor=46.58 safe=50.95
108238.713 PD probe Bhop(178.8,36.5) try 1 -> 46.58
108239.919 PD probe done z=47.377
108239.919 PD enter Bhop(176.8,36.5) floor=46.58 safe=50.95
108241.670 PD probe Bhop(176.8,36.5) try 1 -> 46.58
108242.841 PD probe done z=47.430
108242.841 PD enter Bhop(177.8,37.5) floor=46.58 safe=50.95
108244.564 PD probe Bhop(177.8,37.5) try 1 -> 46.58
108245.770 PD probe done z=47.306
108245.771 PD enter Bhop(177.8,35.5) floor=46.58 safe=50.95
108247.528 PD probe Bhop(177.8,35.5) try 1 -> 46.58
108248.703 PD probe done z=47.438
108248.704 PD enter Bhop(178.3,36.5) floor=46.58 safe=50.95
108250.430 PD probe Bhop(178.3,36.5) try 1 -> 46.58
108251.607 PD probe done z=47.447
108251.608 PD enter Bhop(177.3,36.5) floor=46.58 safe=50.95
108253.320 PD probe Bhop(177.3,36.5) try 1 -> 46.58
108254.494 PD probe done z=47.447
108254.495 PD enter Bhop(177.8,37.0) floor=46.58 safe=50.95
108256.206 PD probe Bhop(177.8,37.0) try 1 -> 46.58
108257.389 PD probe done z=47.418
108257.390 PD enter Bhop(177.8,36.0) floor=46.58 safe=50.95
108259.149 PD probe Bhop(177.8,36.0) try 1 -> 46.58
108260.314 PD probe done z=47.476
108260.315 PD enter Bhop(179.3,36.5) floor=46.58 safe=50.95
108262.041 PD probe Bhop(179.3,36.5) try 1 -> 46.58
108263.246 PD probe done z=47.360
108263.247 PD enter Bhop(176.3,36.5) floor=46.58 safe=50.95
108265.012 PD probe Bhop(176.3,36.5) try 1 -> 46.58
108266.194 PD probe done z=47.403
108266.195 PD enter Bhop(177.8,38.0) floor=46.58 safe=50.95
108267.967 PD probe Bhop(177.8,38.0) try 1 -> 46.58
108269.257 PD probe done z=47.140
108269.258 PD enter Bhop(177.8,35.0) floor=46.58 safe=50.95
108271.010 PD probe Bhop(177.8,35.0) try 1 -> 46.58
108272.211 PD probe done z=47.342
108272.212 PD enter Bhop(179.2,36.0) floor=46.58 safe=50.95
108273.968 PD probe Bhop(179.2,36.0) try 1 -> 46.58
108275.163 PD probe done z=47.358
108275.164 PD enter Bhop(176.2,36.0) floor=46.58 safe=50.95
108276.939 PD probe Bhop(176.2,36.0) try 1 -> 46.58
108278.123 PD probe done z=47.387
108278.123 PD enter Bhop(177.7,37.5) floor=46.58 safe=50.95
108279.896 PD probe Bhop(177.7,37.5) try 1 -> 46.58
108281.105 PD probe done z=47.290
108281.105 PD enter Bhop(177.7,34.5) floor=46.58 safe=50.95
108282.874 PD probe Bhop(177.7,34.5) try 1 -> 46.58
108284.099 PD probe done z=47.207
108284.100 PD enter Bhop(177.6,36.2) floor=46.58 safe=50.95
108285.892 PD probe Bhop(177.6,36.2) try 1 -> 46.58
108287.075 PD probe done z=47.476
108287.076 PD enter Bhopverify(181.1,36.2) floor=45.25 safe=50.95
108288.808 PD probe Bhopverify(181.1,36.2) try 1 -> 45.25
108290.003 PD probe done z=47.348
108290.004 PD enter Bhopmap(162.6,21.2) floor=38.00 safe=58.00
108292.746 PD probe Bhopmap(162.6,21.2) try 1 -> 38.00
108296.421 PD probe done z=44.604
108296.423 PD enter Bhopmap(167.6,21.2) floor=38.00 safe=58.00
108299.173 PD probe Bhopmap(167.6,21.2) try 1 -> 38.00
108302.006 PD probe done z=47.843
108302.007 PD enter Bhopmap(172.6,21.2) floor=38.00 safe=58.00
108304.475 PD probe Bhopmap(172.6,21.2) try 1 -> 38.00
108307.061 PD probe done z=48.826
108307.062 PD enter Bhopmap(177.6,21.2) floor=38.00 safe=58.00
108309.429 PD probe Bhopmap(177.6,21.2) try 1 -> 38.00
108312.391 PD probe done z=47.388
108312.392 PD enter Bhopmap(182.6,21.2) floor=38.00 safe=58.00
108314.881 PD probe Bhopmap(182.6,21.2) try 1 -> 38.00
108318.216 PD probe done z=45.838
108318.217 PD enter Bhopmap(187.6,21.2) floor=38.00 safe=58.00
108320.889 PD probe Bhopmap(187.6,21.2) try 1 -> 38.00
108326.329 PD enter Bhopmap(192.6,21.2) floor=38.00 safe=58.00
108329.246 PD probe Bhopmap(192.6,21.2) try 1 -> 38.00
108334.838 PD enter Bhopmap(162.6,26.2) floor=38.00 safe=58.00
108338.074 PD probe Bhopmap(162.6,26.2) try 1 -> 38.00
108343.665 PD enter Bhopmap(167.6,26.2) floor=38.00 safe=58.00
108346.583 PD probe Bhopmap(167.6,26.2) try 1 -> 38.00
108349.592 PD probe done z=47.143
108349.594 PD enter Bhopmap(172.6,26.2) floor=38.00 safe=58.00
108352.105 PD probe Bhopmap(172.6,26.2) try 1 -> 38.00
108354.801 PD probe done z=48.386
108354.802 PD enter Bhopmap(177.6,26.2) floor=38.00 safe=58.00
108357.204 PD probe Bhopmap(177.6,26.2) try 1 -> 38.00
108360.147 PD probe done z=47.400
108360.148 PD enter Bhopmap(182.6,26.2) floor=38.00 safe=58.00
108362.651 PD probe Bhopmap(182.6,26.2) try 1 -> 38.00
108366.359 PD probe done z=44.329
108366.360 PD enter Bhopmap(187.6,26.2) floor=38.00 safe=58.00
108369.155 PD probe Bhopmap(187.6,26.2) try 1 -> 38.00
108374.747 PD enter Bhopmap(192.6,26.2) floor=38.00 safe=58.00
108377.664 PD probe Bhopmap(192.6,26.2) try 1 -> 38.00
108383.113 PD enter Bhopmap(162.6,31.2) floor=38.00 safe=58.00
108386.348 PD probe Bhopmap(162.6,31.2) try 1 -> 38.00
108391.789 PD enter Bhopmap(167.6,31.2) floor=38.00 safe=58.00
108394.708 PD probe Bhopmap(167.6,31.2) try 1 -> 38.00
108398.150 PD probe done z=45.424
108398.152 PD enter Bhopmap(172.6,31.2) floor=38.00 safe=58.00
108400.856 PD probe Bhopmap(172.6,31.2) try 1 -> 38.00
108404.139 PD probe done z=46.123
108404.140 PD enter Bhopmap(177.6,31.2) floor=38.00 safe=58.00
108406.731 PD probe Bhopmap(177.6,31.2) try 1 -> 38.00
108410.104 PD probe done z=45.784
108410.105 PD enter Bhopmap(182.6,31.2) floor=38.00 safe=58.00
108412.739 PD probe Bhopmap(182.6,31.2) try 1 -> 38.00
108417.161 PD probe done z=41.598
108417.162 PD enter Bhopmap(187.6,31.2) floor=38.00 safe=58.00
108420.215 PD probe Bhopmap(187.6,31.2) try 1 -> 38.00
108425.664 PD enter Bhopmap(192.6,31.2) floor=38.00 safe=58.00
108428.583 PD probe Bhopmap(192.6,31.2) try 1 -> 38.00
108434.175 PD enter Bhopmap(162.6,36.2) floor=38.00 safe=58.00
108437.410 PD probe Bhopmap(162.6,36.2) try 1 -> 38.00
108440.386 PD probe done z=47.268
108440.386 PD enter Bhopmap(167.6,36.2) floor=38.00 safe=58.00
108442.921 PD probe Bhopmap(167.6,36.2) try 1 -> 38.00
108445.844 PD probe done z=47.519
108445.845 PD enter Bhopmap(172.6,36.2) floor=38.00 safe=58.00
108448.304 PD probe Bhopmap(172.6,36.2) try 1 -> 38.00
108451.247 PD probe done z=47.405
108451.248 PD enter Bhopmap(177.6,36.2) floor=38.00 safe=58.00
108453.750 PD probe Bhopmap(177.6,36.2) try 1 -> 38.00
108456.686 PD probe done z=47.423
108456.687 PD enter Bhopmap(182.6,36.2) floor=38.00 safe=58.00
108459.193 PD probe Bhopmap(182.6,36.2) try 1 -> 38.00
108462.179 PD probe done z=47.242
108462.181 PD enter Bhopmap(187.6,36.2) floor=38.00 safe=58.00
108464.706 PD probe Bhopmap(187.6,36.2) try 1 -> 38.00
108468.225 PD probe done z=45.144
108468.226 PD enter Bhopmap(192.6,36.2) floor=38.00 safe=58.00
108470.927 PD probe Bhopmap(192.6,36.2) try 1 -> 38.00
108476.519 PD enter Bhopmap(162.6,41.2) floor=38.00 safe=58.00
108479.754 PD probe Bhopmap(162.6,41.2) try 1 -> 38.00
108482.873 PD probe done z=46.680
108482.874 PD enter Bhopmap(167.6,41.2) floor=38.00 safe=58.00
108485.422 PD probe Bhopmap(167.6,41.2) try 1 -> 38.00
108488.640 PD probe done z=46.341
108488.642 PD enter Bhopmap(172.6,41.2) floor=38.00 safe=58.00
108491.225 PD probe Bhopmap(172.6,41.2) try 1 -> 38.00
108494.468 PD probe done z=46.223
108494.470 PD enter Bhopmap(177.6,41.2) floor=38.00 safe=58.00
108497.090 PD probe Bhopmap(177.6,41.2) try 1 -> 38.00
108500.373 PD probe done z=46.056
108500.374 PD enter Bhopmap(182.6,41.2) floor=38.00 safe=58.00
108503.021 PD probe Bhopmap(182.6,41.2) try 1 -> 38.00
108506.354 PD probe done z=45.848
108506.356 PD enter Bhopmap(187.6,41.2) floor=38.00 safe=58.00
108509.023 PD probe Bhopmap(187.6,41.2) try 1 -> 38.00
108512.938 PD probe done z=43.563
108512.939 PD enter Bhopmap(192.6,41.2) floor=38.00 safe=58.00
108515.803 PD probe Bhopmap(192.6,41.2) try 1 -> 38.00
108521.396 PD enter Bhopmap(162.6,46.2) floor=38.00 safe=58.00
108524.631 PD probe Bhopmap(162.6,46.2) try 1 -> 38.00
108528.203 PD probe done z=44.871
108528.204 PD enter Bhopmap(167.6,46.2) floor=38.00 safe=58.00
108530.991 PD probe Bhopmap(167.6,46.2) try 1 -> 38.00
108534.590 PD probe done z=44.788
108534.591 PD enter Bhopmap(172.6,46.2) floor=38.00 safe=58.00
108537.349 PD probe Bhopmap(172.6,46.2) try 1 -> 38.00
108540.986 PD probe done z=44.635
108540.987 PD enter Bhopmap(177.6,46.2) floor=38.00 safe=58.00
108543.774 PD probe Bhopmap(177.6,46.2) try 1 -> 38.00
108547.471 PD probe done z=44.387
108547.472 PD enter Bhopmap(182.6,46.2) floor=38.00 safe=58.00
108550.273 PD probe Bhopmap(182.6,46.2) try 1 -> 38.00
108554.018 PD probe done z=44.202
108554.020 PD enter Bhopmap(187.6,46.2) floor=38.00 safe=58.00
108556.838 PD probe Bhopmap(187.6,46.2) try 1 -> 38.00
108561.041 PD probe done z=42.358
108561.042 PD enter Bhopmap(192.6,46.2) floor=38.00 safe=58.00
108564.041 PD probe Bhopmap(192.6,46.2) try 1 -> 38.00
108569.595 PD enter Bhopmap(162.6,51.2) floor=38.00 safe=58.00
108572.831 PD probe Bhopmap(162.6,51.2) try 1 -> 38.00
108576.810 PD probe done z=43.255
108576.811 PD enter Bhopmap(167.6,51.2) floor=38.00 safe=58.00
108579.742 PD probe Bhopmap(167.6,51.2) try 1 -> 38.00
108583.764 PD probe done z=43.094
108583.765 PD enter Bhopmap(172.6,51.2) floor=38.00 safe=58.00
108586.670 PD probe Bhopmap(172.6,51.2) try 1 -> 38.00
108590.725 PD probe done z=42.945
108590.725 PD enter Bhopmap(177.6,51.2) floor=38.00 safe=58.00
108593.666 PD probe Bhopmap(177.6,51.2) try 1 -> 38.00
108597.782 PD probe done z=42.782
108597.784 PD enter Bhopmap(182.6,51.2) floor=38.00 safe=58.00
108600.726 PD probe Bhopmap(182.6,51.2) try 1 -> 38.00
108604.890 PD probe done z=42.515
108604.891 PD enter Bhopmap(187.6,51.2) floor=38.00 safe=58.00
108607.861 PD probe Bhopmap(187.6,51.2) try 1 -> 38.00
108613.466 PD enter Bhopmap(192.6,51.2) floor=38.00 safe=58.00
108616.384 PD probe Bhopmap(192.6,51.2) try 1 -> 38.00
108621.900 TM start Bhopmap2 center=(172.6,21.2) span=4 pitch=2 ball_top=47.95 hops=[]
108621.901 TM rung Bhopmap2 dip=0.9 floor=47.05
108621.901 PD enter Bhopmap2(168.6,25.2) floor=47.05 safe=50.95
108624.493 PD probe Bhopmap2(168.6,25.2) try 1 -> 47.05
108625.650 PD probe done z=47.532
108625.650 TM Bhopmap2 seed=(168.64,25.22,47.53)
108625.651 PD enter Bhopmap2(170.6,25.2) floor=46.68 safe=50.95
108627.383 PD probe Bhopmap2(170.6,25.2) try 1 -> 46.68
108628.298 PD probe done z=48.462
108628.299 PD enter Bhopmap2(166.6,25.2) floor=46.68 safe=50.95
108629.955 PD probe Bhopmap2(166.6,25.2) try 1 -> 46.68
108631.233 PD probe done z=47.023
108631.233 PD enter Bhopmap2(168.6,27.2) floor=46.68 safe=50.95
108633.014 PD probe Bhopmap2(168.6,27.2) try 1 -> 46.68
108634.233 PD probe done z=47.238
108634.234 PD enter Bhopmap2(168.6,23.2) floor=46.68 safe=50.95
108636.009 PD probe Bhopmap2(168.6,23.2) try 1 -> 46.68
108637.073 PD probe done z=47.866
108637.073 PD enter Bhopmap2(172.6,25.2) floor=46.68 safe=50.95
108638.798 PD probe Bhopmap2(172.6,25.2) try 1 -> 46.68
108639.673 PD probe done z=48.644
108639.674 PD enter Bhopmap2(168.6,25.2) floor=46.68 safe=50.95
108641.303 PD probe Bhopmap2(168.6,25.2) try 1 -> 46.68
108642.446 PD probe done z=47.539
108642.446 PD enter Bhopmap2(170.6,27.2) floor=46.68 safe=50.95
108644.203 PD probe Bhopmap2(170.6,27.2) try 1 -> 46.68
108645.214 PD probe done z=48.081
108645.215 PD enter Bhopmap2(170.6,23.2) floor=46.68 safe=50.95
108646.915 PD probe Bhopmap2(170.6,23.2) try 1 -> 46.68
108647.792 PD probe done z=48.613
108647.793 PD enter Bhopmap2(174.6,25.2) floor=46.68 safe=50.95
108649.478 PD probe Bhopmap2(174.6,25.2) try 1 -> 46.68
108650.450 PD probe done z=48.220
108650.451 PD enter Bhopmap2(170.6,25.2) floor=46.68 safe=50.95
108652.173 PD probe Bhopmap2(170.6,25.2) try 1 -> 46.68
108653.089 PD probe done z=48.463
108653.090 PD enter Bhopmap2(172.6,27.2) floor=46.68 safe=50.95
108654.731 PD probe Bhopmap2(172.6,27.2) try 1 -> 46.68
108655.706 PD probe done z=48.280
108655.707 PD enter Bhopmap2(172.6,23.2) floor=46.68 safe=50.95
108657.373 PD probe Bhopmap2(172.6,23.2) try 1 -> 46.68
108658.207 PD probe done z=48.800
108658.208 PD enter Bhopmap2(174.6,23.2) floor=46.68 safe=50.95
108659.838 PD probe Bhopmap2(174.6,23.2) try 1 -> 46.68
108660.673 PD probe done z=48.805
108660.674 PD enter Bhopmap2(170.6,23.2) floor=46.68 safe=50.95
108662.326 PD probe Bhopmap2(170.6,23.2) try 1 -> 46.68
108663.206 PD probe done z=48.614
108663.207 PD enter Bhopmap2(172.6,25.2) floor=46.68 safe=50.95
108664.869 PD probe Bhopmap2(172.6,25.2) try 1 -> 46.68
108665.742 PD probe done z=48.640
108665.742 PD enter Bhopmap2(172.6,21.2) floor=46.68 safe=50.95
108667.373 PD probe Bhopmap2(172.6,21.2) try 1 -> 46.68
108668.194 PD probe done z=48.890
108668.195 PD enter Bhopmap2(174.6,21.2) floor=46.68 safe=50.95
108669.778 PD probe Bhopmap2(174.6,21.2) try 1 -> 46.68
108670.628 PD probe done z=48.707
108670.629 PD enter Bhopmap2(170.6,21.2) floor=46.68 safe=50.95
108672.276 PD probe Bhopmap2(170.6,21.2) try 1 -> 46.68
108673.038 PD probe done z=49.091
108673.038 PD enter Bhopmap2(172.6,23.2) floor=46.68 safe=50.95
108674.630 PD probe Bhopmap2(172.6,23.2) try 1 -> 46.68
108675.458 PD probe done z=48.803
108675.458 PD enter Bhopmap2(172.6,19.2) floor=46.68 safe=50.95
108677.119 PD probe Bhopmap2(172.6,19.2) try 1 -> 46.68
108678.030 PD probe done z=48.492
108678.030 PD enter Bhopmap2(172.6,21.2) floor=46.68 safe=50.95
108679.663 PD probe Bhopmap2(172.6,21.2) try 1 -> 46.68
108680.482 PD probe done z=48.888
108680.483 PD enter Bhopmap2(168.6,21.2) floor=46.68 safe=50.95
108682.093 PD probe Bhopmap2(168.6,21.2) try 1 -> 46.68
108683.022 PD probe done z=48.421
108683.023 PD enter Bhopmap2(170.6,23.2) floor=46.68 safe=50.95
108684.706 PD probe Bhopmap2(170.6,23.2) try 1 -> 46.68
108685.579 PD probe done z=48.629
108685.580 PD enter Bhopmap2(170.6,19.2) floor=46.68 safe=50.95
108687.212 PD probe Bhopmap2(170.6,19.2) try 1 -> 46.68
108688.058 PD probe done z=48.726
108688.058 PD enter Bhopmap2(171.6,21.2) floor=46.68 safe=50.95
108689.687 PD probe Bhopmap2(171.6,21.2) try 1 -> 46.68
108690.448 PD probe done z=49.093
108690.449 PD enter Bhopmap2(169.6,21.2) floor=46.68 safe=50.95
108692.022 PD probe Bhopmap2(169.6,21.2) try 1 -> 46.68
108692.843 PD probe done z=48.868
108692.844 PD enter Bhopmap2(170.6,22.2) floor=46.68 safe=50.95
108694.422 PD probe Bhopmap2(170.6,22.2) try 1 -> 46.68
108695.245 PD probe done z=48.961
108695.246 PD enter Bhopmap2(170.6,20.2) floor=46.68 safe=50.95
108696.820 PD probe Bhopmap2(170.6,20.2) try 1 -> 46.68
108697.605 PD probe done z=49.005
108697.606 PD enter Bhopmap2(171.1,21.2) floor=46.68 safe=50.95
108699.206 PD probe Bhopmap2(171.1,21.2) try 1 -> 46.68
108699.969 PD probe done z=49.110
108699.970 PD enter Bhopmap2(170.1,21.2) floor=46.68 safe=50.95
108701.528 PD probe Bhopmap2(170.1,21.2) try 1 -> 46.68
108702.311 PD probe done z=48.998
108702.312 PD enter Bhopmap2(170.6,21.7) floor=46.68 safe=50.95
108703.906 PD probe Bhopmap2(170.6,21.7) try 1 -> 46.68
108704.675 PD probe done z=49.044
108704.676 PD enter Bhopmap2(170.6,20.7) floor=46.68 safe=50.95
108706.233 PD probe Bhopmap2(170.6,20.7) try 1 -> 46.68
108707.002 PD probe done z=49.063
108707.002 PD enter Bhopmap2(171.6,21.2) floor=46.68 safe=50.95
108708.560 PD probe Bhopmap2(171.6,21.2) try 1 -> 46.68
108709.322 PD probe done z=49.085
108709.323 PD enter Bhopmap2(170.6,21.2) floor=46.68 safe=50.95
108710.883 PD probe Bhopmap2(170.6,21.2) try 1 -> 46.68
108711.646 PD probe done z=49.080
108711.647 PD enter Bhopmap2(171.1,21.7) floor=46.68 safe=50.95
108713.202 PD probe Bhopmap2(171.1,21.7) try 1 -> 46.68
108713.961 PD probe done z=49.072
108713.962 PD enter Bhopmap2(171.1,20.7) floor=46.68 safe=50.95
108715.529 PD probe Bhopmap2(171.1,20.7) try 1 -> 46.68
108716.286 PD probe done z=49.090
108716.287 PD enter Bhopmap2(172.6,21.2) floor=46.68 safe=50.95
108717.862 PD probe Bhopmap2(172.6,21.2) try 1 -> 46.68
108718.686 PD probe done z=48.881
108718.687 PD enter Bhopmap2(169.6,21.2) floor=46.68 safe=50.95
108720.280 PD probe Bhopmap2(169.6,21.2) try 1 -> 46.68
108721.102 PD probe done z=48.865
108721.103 PD enter Bhopmap2(171.1,22.7) floor=46.68 safe=50.95
108722.690 PD probe Bhopmap2(171.1,22.7) try 1 -> 46.68
108723.514 PD probe done z=48.857
108723.515 PD enter Bhopmap2(171.1,19.7) floor=46.68 safe=50.95
108725.111 PD probe Bhopmap2(171.1,19.7) try 1 -> 46.68
108725.930 PD probe done z=48.919
108725.930 PD enter Bhopmap2(172.7,21.1) floor=46.68 safe=50.95
108727.514 PD probe Bhopmap2(172.7,21.1) try 1 -> 46.68
108728.328 PD probe done z=48.866
108728.329 PD enter Bhopmap2(169.7,21.1) floor=46.68 safe=50.95
108729.933 PD probe Bhopmap2(169.7,21.1) try 1 -> 46.68
108730.740 PD probe done z=48.882
108730.740 PD enter Bhopmap2(171.2,22.6) floor=46.68 safe=50.95
108732.340 PD probe Bhopmap2(171.2,22.6) try 1 -> 46.68
108733.164 PD probe done z=48.898
108733.165 PD enter Bhopmap2(171.2,19.6) floor=46.68 safe=50.95
108734.757 PD probe Bhopmap2(171.2,19.6) try 1 -> 46.68
108735.579 PD probe done z=48.875
108735.580 PD enter Bhopmap2(171.1,21.1) floor=46.68 safe=50.95
108737.160 PD probe Bhopmap2(171.1,21.1) try 1 -> 46.68
108737.916 PD probe done z=49.104
108737.917 PD enter Bhopmap2verify(174.6,21.1) floor=46.88 safe=50.95
108739.513 PD probe Bhopmap2verify(174.6,21.1) try 1 -> 46.88
108740.375 PD probe done z=48.669
108740.375 PD enter Bhopmap2map(156.1,6.1) floor=38.00 safe=58.00
108742.968 PD probe Bhopmap2map(156.1,6.1) try 1 -> 38.00
108746.219 PD probe done z=46.161
108746.220 PD enter Bhopmap2map(161.1,6.1) floor=38.00 safe=58.00
108748.842 PD probe Bhopmap2map(161.1,6.1) try 1 -> 38.00
108751.808 PD probe done z=47.323
108751.809 PD enter Bhopmap2map(166.1,6.1) floor=38.00 safe=58.00
108754.295 PD probe Bhopmap2map(166.1,6.1) try 1 -> 38.00
108757.248 PD probe done z=47.370
108757.249 PD enter Bhopmap2map(171.1,6.1) floor=38.00 safe=58.00
108759.744 PD probe Bhopmap2map(171.1,6.1) try 1 -> 38.00
108762.718 PD probe done z=47.293
108762.719 PD enter Bhopmap2map(176.1,6.1) floor=38.00 safe=58.00
108765.201 PD probe Bhopmap2map(176.1,6.1) try 1 -> 38.00
108768.184 PD probe done z=47.253
108768.185 PD enter Bhopmap2map(181.1,6.1) floor=38.00 safe=58.00
108770.712 PD probe Bhopmap2map(181.1,6.1) try 1 -> 38.00
108773.739 PD probe done z=47.062
108773.740 PD enter Bhopmap2map(186.1,6.1) floor=38.00 safe=58.00
108776.293 PD probe Bhopmap2map(186.1,6.1) try 1 -> 38.00
108779.617 PD probe done z=45.875
108779.618 PD enter Bhopmap2map(156.1,11.1) floor=38.00 safe=58.00
108782.607 PD probe Bhopmap2map(156.1,11.1) try 1 -> 38.00
108788.046 PD enter Bhopmap2map(161.1,11.1) floor=38.00 safe=58.00
108790.963 PD probe Bhopmap2map(161.1,11.1) try 1 -> 38.00
108794.241 PD probe done z=46.068
108794.242 PD enter Bhopmap2map(166.1,11.1) floor=38.00 safe=58.00
108796.892 PD probe Bhopmap2map(166.1,11.1) try 1 -> 38.00
108800.049 PD probe done z=46.548
108800.050 PD enter Bhopmap2map(171.1,11.1) floor=38.00 safe=58.00
108802.624 PD probe Bhopmap2map(171.1,11.1) try 1 -> 38.00
108805.860 PD probe done z=46.218
108805.861 PD enter Bhopmap2map(176.1,11.1) floor=38.00 safe=58.00
108808.489 PD probe Bhopmap2map(176.1,11.1) try 1 -> 38.00
108811.739 PD probe done z=46.158
108811.740 PD enter Bhopmap2map(181.1,11.1) floor=38.00 safe=58.00
108814.360 PD probe Bhopmap2map(181.1,11.1) try 1 -> 38.00
108817.699 PD probe done z=45.827
108817.700 PD enter Bhopmap2map(186.1,11.1) floor=38.00 safe=58.00
108820.364 PD probe Bhopmap2map(186.1,11.1) try 1 -> 38.00
108825.818 PD enter Bhopmap2map(156.1,16.1) floor=38.00 safe=58.00
108829.053 PD probe Bhopmap2map(156.1,16.1) try 1 -> 38.00
108834.568 PD enter Bhopmap2map(161.1,16.1) floor=38.00 safe=58.00
108837.486 PD probe Bhopmap2map(161.1,16.1) try 1 -> 38.00
108842.998 PD enter Bhopmap2map(166.1,16.1) floor=38.00 safe=58.00
108845.915 PD probe Bhopmap2map(166.1,16.1) try 1 -> 38.00
108849.053 PD probe done z=46.619
108849.054 PD enter Bhopmap2map(171.1,16.1) floor=38.00 safe=58.00
108851.638 PD probe Bhopmap2map(171.1,16.1) try 1 -> 38.00
108854.560 PD probe done z=47.586
108854.561 PD enter Bhopmap2map(176.1,16.1) floor=38.00 safe=58.00
108857.015 PD probe Bhopmap2map(176.1,16.1) try 1 -> 38.00
108859.986 PD probe done z=47.299
108859.987 PD enter Bhopmap2map(181.1,16.1) floor=38.00 safe=58.00
108862.472 PD probe Bhopmap2map(181.1,16.1) try 1 -> 38.00
108865.642 PD probe done z=46.494
108865.643 PD enter Bhopmap2map(186.1,16.1) floor=38.00 safe=58.00
108868.210 PD probe Bhopmap2map(186.1,16.1) try 1 -> 38.00
108873.723 PD enter Bhopmap2map(156.1,21.1) floor=38.00 safe=58.00
108876.968 PD probe Bhopmap2map(156.1,21.1) try 1 -> 38.00
108882.489 PD enter Bhopmap2map(161.1,21.1) floor=38.00 safe=58.00
108885.406 PD probe Bhopmap2map(161.1,21.1) try 1 -> 38.00
108890.923 PD enter Bhopmap2map(166.1,21.1) floor=38.00 safe=58.00
108893.840 PD probe Bhopmap2map(166.1,21.1) try 1 -> 38.00
108896.839 PD probe done z=47.175
108896.840 PD enter Bhopmap2map(171.1,21.1) floor=38.00 safe=58.00
108899.360 PD probe Bhopmap2map(171.1,21.1) try 1 -> 38.00
108901.864 PD probe done z=49.168
108901.865 PD enter Bhopmap2map(176.1,21.1) floor=38.00 safe=58.00
108904.180 PD probe Bhopmap2map(176.1,21.1) try 1 -> 38.00
108906.954 PD probe done z=48.209
108906.955 PD enter Bhopmap2map(181.1,21.1) floor=38.00 safe=58.00
108909.346 PD probe Bhopmap2map(181.1,21.1) try 1 -> 38.00
108912.505 PD probe done z=46.522
108912.506 PD enter Bhopmap2map(186.1,21.1) floor=38.00 safe=58.00
108915.082 PD probe Bhopmap2map(186.1,21.1) try 1 -> 38.00
108920.609 PD enter Bhopmap2map(156.1,26.1) floor=38.00 safe=58.00
108923.859 PD probe Bhopmap2map(156.1,26.1) try 1 -> 38.00
108929.301 PD enter Bhopmap2map(161.1,26.1) floor=38.00 safe=58.00
108932.218 PD probe Bhopmap2map(161.1,26.1) try 1 -> 38.00
108937.810 PD enter Bhopmap2map(166.1,26.1) floor=38.00 safe=58.00
108940.727 PD probe Bhopmap2map(166.1,26.1) try 1 -> 38.00
108943.894 PD probe done z=46.504
108943.895 PD enter Bhopmap2map(171.1,26.1) floor=38.00 safe=58.00
108946.463 PD probe Bhopmap2map(171.1,26.1) try 1 -> 38.00
108949.113 PD probe done z=48.589
108949.115 PD enter Bhopmap2map(176.1,26.1) floor=38.00 safe=58.00
108951.491 PD probe Bhopmap2map(176.1,26.1) try 1 -> 38.00
108954.416 PD probe done z=47.481
108954.417 PD enter Bhopmap2map(181.1,26.1) floor=38.00 safe=58.00
108956.879 PD probe Bhopmap2map(181.1,26.1) try 1 -> 38.00
108960.231 PD probe done z=45.812
108960.232 PD enter Bhopmap2map(186.1,26.1) floor=38.00 safe=58.00
